[    0.000000] Linux version 4.15.0-47-generic (buildd@lgw01-amd64-001) (gcc version 7.3.0 (Ubuntu 7.3.0-16ubuntu3)) #50-Ubuntu SMP Wed Mar 13 10:44:52 UTC 2019 (Ubuntu 4.15.0-47.50-generic 4.15.18)
[    0.000000] Command line: BOOT_IMAGE=/boot/vmlinuz-4.15.0-47-generic root=LABEL=cloudimg-rootfs ro console=tty1 console=ttyS0
[    0.000000] KERNEL supported cpus:
[    0.000000]   Intel GenuineIntel
[    0.000000]   AMD AuthenticAMD
[    0.000000]   Centaur CentaurHauls
[    0.000000] x86/fpu: Supporting XSAVE feature 0x001: 'x87 floating point registers'
[    0.000000] x86/fpu: Supporting XSAVE feature 0x002: 'SSE registers'
[    0.000000] x86/fpu: Supporting XSAVE feature 0x004: 'AVX registers'
[    0.000000] x86/fpu: xstate_offset[2]:  576, xstate_sizes[2]:  256
[    0.000000] x86/fpu: Enabled xstate features 0x7, context size is 832 bytes, using 'standard' format.
[    0.000000] e820: BIOS-provided physical RAM map:
[    0.000000] BIOS-e820: [mem 0x0000000000000000-0x000000000009fbff] usable
[    0.000000] BIOS-e820: [mem 0x000000000009fc00-0x000000000009ffff] reserved
[    0.000000] BIOS-e820: [mem 0x00000000000f0000-0x00000000000fffff] reserved
[    0.000000] BIOS-e820: [mem 0x0000000000100000-0x000000007ffeffff] usable
[    0.000000] BIOS-e820: [mem 0x000000007fff0000-0x000000007fffffff] ACPI data
[    0.000000] BIOS-e820: [mem 0x00000000fec00000-0x00000000fec00fff] reserved
[    0.000000] BIOS-e820: [mem 0x00000000fee00000-0x00000000fee00fff] reserved
[    0.000000] BIOS-e820: [mem 0x00000000fffc0000-0x00000000ffffffff] reserved
[    0.000000] NX (Execute Disable) protection: active
[    0.000000] SMBIOS 2.5 present.
[    0.000000] DMI: innotek GmbH VirtualBox/VirtualBox, BIOS VirtualBox 12/01/2006
[    0.000000] Hypervisor detected: KVM
[    0.000000] e820: last_pfn = 0x7fff0 max_arch_pfn = 0x400000000
[    0.000000] MTRR: Disabled
[    0.000000] x86/PAT: MTRRs disabled, skipping PAT initialization too.
[    0.000000] CPU MTRRs all blank - virtualized system.
[    0.000000] x86/PAT: Configuration [0-7]: WB  WT  UC- UC  WB  WT  UC- UC  
[    0.000000] found SMP MP-table at [mem 0x0009fff0-0x0009ffff] mapped at [        (ptrval)]
[    0.000000] Scanning 1 areas for low memory corruption
[    0.000000] RAMDISK: [mem 0x35adf000-0x36d66fff]
[    0.000000] ACPI: Early table checksum verification disabled
[    0.000000] ACPI: RSDP 0x00000000000E0000 000024 (v02 VBOX  )
[    0.000000] ACPI: XSDT 0x000000007FFF0030 00003C (v01 VBOX   VBOXXSDT 00000001 ASL  00000061)
[    0.000000] ACPI: FACP 0x000000007FFF00F0 0000F4 (v04 VBOX   VBOXFACP 00000001 ASL  00000061)
[    0.000000] ACPI: DSDT 0x000000007FFF0470 0022EA (v02 VBOX   VBOXBIOS 00000002 INTL 20100528)
[    0.000000] ACPI: FACS 0x000000007FFF0200 000040
[    0.000000] ACPI: FACS 0x000000007FFF0200 000040
[    0.000000] ACPI: APIC 0x000000007FFF0240 00005C (v02 VBOX   VBOXAPIC 00000001 ASL  00000061)
[    0.000000] ACPI: SSDT 0x000000007FFF02A0 0001CC (v01 VBOX   VBOXCPUT 00000002 INTL 20100528)
[    0.000000] No NUMA configuration found
[    0.000000] Faking a node at [mem 0x0000000000000000-0x000000007ffeffff]
[    0.000000] NODE_DATA(0) allocated [mem 0x7ffc5000-0x7ffeffff]
[    0.000000] kvm-clock: cpu 0, msr 0:7ff44001, primary cpu clock
[    0.000000] kvm-clock: Using msrs 4b564d01 and 4b564d00
[    0.000000] kvm-clock: using sched offset of 6730652064 cycles
[    0.000000] clocksource: kvm-clock: mask: 0xffffffffffffffff max_cycles: 0x1cd42e4dffb, max_idle_ns: 881590591483 ns
[    0.000000] Zone ranges:
[    0.000000]   DMA      [mem 0x0000000000001000-0x0000000000ffffff]
[    0.000000]   DMA32    [mem 0x0000000001000000-0x000000007ffeffff]
[    0.000000]   Normal   empty
[    0.000000]   Device   empty
[    0.000000] Movable zone start for each node
[    0.000000] Early memory node ranges
[    0.000000]   node   0: [mem 0x0000000000001000-0x000000000009efff]
[    0.000000]   node   0: [mem 0x0000000000100000-0x000000007ffeffff]
[    0.000000] Reserved but unavailable: 114 pages
[    0.000000] Initmem setup node 0 [mem 0x0000000000001000-0x000000007ffeffff]
[    0.000000] ACPI: PM-Timer IO Port: 0x4008
[    0.000000] IOAPIC[0]: apic_id 2, version 32, address 0xfec00000, GSI 0-23
[    0.000000] ACPI: INT_SRC_OVR (bus 0 bus_irq 0 global_irq 2 dfl dfl)
[    0.000000] ACPI: INT_SRC_OVR (bus 0 bus_irq 9 global_irq 9 low level)
[    0.000000] Using ACPI (MADT) for SMP configuration information
[    0.000000] smpboot: Allowing 2 CPUs, 0 hotplug CPUs
[    0.000000] PM: Registered nosave memory: [mem 0x00000000-0x00000fff]
[    0.000000] PM: Registered nosave memory: [mem 0x0009f000-0x0009ffff]
[    0.000000] PM: Registered nosave memory: [mem 0x000a0000-0x000effff]
[    0.000000] PM: Registered nosave memory: [mem 0x000f0000-0x000fffff]
[    0.000000] e820: [mem 0x80000000-0xfebfffff] available for PCI devices
[    0.000000] Booting paravirtualized kernel on KVM
[    0.000000] clocksource: refined-jiffies: mask: 0xffffffff max_cycles: 0xffffffff, max_idle_ns: 7645519600211568 ns
[    0.000000] random: get_random_bytes called from start_kernel+0x99/0x4fd with crng_init=0
[    0.000000] setup_percpu: NR_CPUS:8192 nr_cpumask_bits:2 nr_cpu_ids:2 nr_node_ids:1
[    0.000000] percpu: Embedded 46 pages/cpu @        (ptrval) s151552 r8192 d28672 u1048576
[    0.000000] PV qspinlock hash table entries: 256 (order: 0, 4096 bytes)
[    0.000000] Built 1 zonelists, mobility grouping on.  Total pages: 515961
[    0.000000] Policy zone: DMA32
[    0.000000] Kernel command line: BOOT_IMAGE=/boot/vmlinuz-4.15.0-47-generic root=LABEL=cloudimg-rootfs ro console=tty1 console=ttyS0
[    0.000000] Memory: 2015800K/2096696K available (12300K kernel code, 2473K rwdata, 4252K rodata, 2408K init, 2416K bss, 80896K reserved, 0K cma-reserved)
[    0.000000] SLUB: HWalign=64, Order=0-3, MinObjects=0, CPUs=2, Nodes=1
[    0.000000] Kernel/User page tables isolation: enabled
[    0.000000] ftrace: allocating 39206 entries in 154 pages
[    0.004000] Hierarchical RCU implementation.
[    0.004000] 	RCU restricting CPUs from NR_CPUS=8192 to nr_cpu_ids=2.
[    0.004000] 	Tasks RCU enabled.
[    0.004000] RCU: Adjusting geometry for rcu_fanout_leaf=16, nr_cpu_ids=2
[    0.004000] NR_IRQS: 524544, nr_irqs: 440, preallocated irqs: 16
[    0.004000] Console: colour VGA+ 80x25
[    0.004000] console [tty1] enabled
[    0.004000] console [ttyS0] enabled
[    0.004000] ACPI: Core revision 20170831
[    0.004000] ACPI: 2 ACPI AML tables successfully acquired and loaded
[    0.004000] APIC: Switch to symmetric I/O mode setup
[    0.004000] x2apic enabled
[    0.004000] Switched APIC routing to physical x2apic.
[    0.004251] ..TIMER: vector=0x30 apic1=0 pin1=2 apic2=-1 pin2=-1
[    0.008001] tsc: Detected 2807.998 MHz processor
[    0.008942] Calibrating delay loop (skipped) preset value.. 5615.99 BogoMIPS (lpj=11231992)
[    0.012003] pid_max: default: 32768 minimum: 301
[    0.012985] Security Framework initialized
[    0.014167] Yama: becoming mindful.
[    0.014882] AppArmor: AppArmor initialized
[    0.017656] Dentry cache hash table entries: 262144 (order: 9, 2097152 bytes)
[    0.020035] Inode-cache hash table entries: 131072 (order: 8, 1048576 bytes)
[    0.021576] Mount-cache hash table entries: 4096 (order: 3, 32768 bytes)
[    0.024005] Mountpoint-cache hash table entries: 4096 (order: 3, 32768 bytes)
[    0.026123] mce: CPU supports 0 MCE banks
[    0.027434] Last level iTLB entries: 4KB 64, 2MB 8, 4MB 8
[    0.028003] Last level dTLB entries: 4KB 64, 2MB 0, 4MB 0, 1GB 4
[    0.029522] Spectre V2 : Mitigation: Full generic retpoline
[    0.032006] Spectre V2 : Spectre v2 / SpectreRSB mitigation: Filling RSB on context switch
[    0.033862] Speculative Store Bypass: Vulnerable
[    0.034877] Freeing SMP alternatives memory: 36K
[    0.040000] smpboot: CPU0: Intel(R) Core(TM) i7-7700HQ CPU @ 2.80GHz (family: 0x6, model: 0x9e, stepping: 0x9)
[    0.040000] Performance Events: unsupported p6 CPU model 158 no PMU driver, software events only.
[    0.040059] Hierarchical SRCU implementation.
[    0.044285] NMI watchdog: Perf event create on CPU 0 failed with -2
[    0.045505] NMI watchdog: Perf NMI watchdog permanently disabled
[    0.046990] smp: Bringing up secondary CPUs ...
[    0.048095] x86: Booting SMP configuration:
[    0.049328] .... node  #0, CPUs:      #1
[    0.004000] kvm-clock: cpu 1, msr 0:7ff44041, secondary cpu clock
[    0.004000] mce: CPU supports 0 MCE banks
[    0.055132] smp: Brought up 1 node, 2 CPUs
[    0.056007] smpboot: Max logical packages: 1
[    0.057057] smpboot: Total of 2 processors activated (11231.99 BogoMIPS)
[    0.060042] devtmpfs: initialized
[    0.060819] x86/mm: Memory block size: 128MB
[    0.062088] evm: security.selinux
[    0.062945] evm: security.SMACK64
[    0.063651] evm: security.SMACK64EXEC
[    0.064003] evm: security.SMACK64TRANSMUTE
[    0.064831] evm: security.SMACK64MMAP
[    0.065579] evm: security.apparmor
[    0.066377] evm: security.ima
[    0.067081] evm: security.capability
[    0.068078] clocksource: jiffies: mask: 0xffffffff max_cycles: 0xffffffff, max_idle_ns: 7645041785100000 ns
[    0.070197] futex hash table entries: 512 (order: 3, 32768 bytes)
[    0.072225] pinctrl core: initialized pinctrl subsystem
[    0.073649] RTC time: 15:36:07, date: 04/18/19
[    0.074734] NET: Registered protocol family 16
[    0.076072] audit: initializing netlink subsys (disabled)
[    0.077202] audit: type=2000 audit(1555601774.996:1): state=initialized audit_enabled=0 res=1
[    0.077202] cpuidle: using governor ladder
[    0.080015] cpuidle: using governor menu
[    0.081046] ACPI: bus type PCI registered
[    0.081906] acpiphp: ACPI Hot Plug PCI Controller Driver version: 0.5
[    0.084066] PCI: Using configuration type 1 for base access
[    0.088114] HugeTLB registered 2.00 MiB page size, pre-allocated 0 pages
[    0.090305] ACPI: Added _OSI(Module Device)
[    0.092008] ACPI: Added _OSI(Processor Device)
[    0.093105] ACPI: Added _OSI(3.0 _SCP Extensions)
[    0.094033] ACPI: Added _OSI(Processor Aggregator Device)
[    0.095097] ACPI: Added _OSI(Linux-Dell-Video)
[    0.096004] ACPI: Added _OSI(Linux-Lenovo-NV-HDMI-Audio)
[    0.097135] ACPI: Added _OSI(Linux-HPI-Hybrid-Graphics)
[    0.098676] ACPI: Executed 1 blocks of module-level executable AML code
[    0.103029] ACPI: Interpreter enabled
[    0.104014] ACPI: (supports S0 S5)
[    0.105435] ACPI: Using IOAPIC for interrupt routing
[    0.107104] PCI: Using host bridge windows from ACPI; if necessary, use "pci=nocrs" and report a bug
[    0.108192] ACPI: Enabled 2 GPEs in block 00 to 07
[    0.117092] ACPI: PCI Root Bridge [PCI0] (domain 0000 [bus 00-ff])
[    0.118594] acpi PNP0A03:00: _OSC: OS supports [ASPM ClockPM Segments MSI]
[    0.120404] acpi PNP0A03:00: _OSC: not requesting OS control; OS requires [ExtendedConfig ASPM ClockPM MSI]
[    0.122754] acpi PNP0A03:00: fail to add MMCONFIG information, can't access extended PCI configuration space under this bridge.
[    0.124382] PCI host bridge to bus 0000:00
[    0.125188] pci_bus 0000:00: root bus resource [io  0x0000-0x0cf7 window]
[    0.128003] pci_bus 0000:00: root bus resource [io  0x0d00-0xffff window]
[    0.129717] pci_bus 0000:00: root bus resource [mem 0x000a0000-0x000bffff window]
[    0.131554] pci_bus 0000:00: root bus resource [mem 0x80000000-0xfdffffff window]
[    0.132003] pci_bus 0000:00: root bus resource [bus 00-ff]
[    0.137599] pci 0000:00:01.1: legacy IDE quirk: reg 0x10: [io  0x01f0-0x01f7]
[    0.139487] pci 0000:00:01.1: legacy IDE quirk: reg 0x14: [io  0x03f6]
[    0.140003] pci 0000:00:01.1: legacy IDE quirk: reg 0x18: [io  0x0170-0x0177]
[    0.141505] pci 0000:00:01.1: legacy IDE quirk: reg 0x1c: [io  0x0376]
[    0.169931] pci 0000:00:07.0: quirk: [io  0x4000-0x403f] claimed by PIIX4 ACPI
[    0.171879] pci 0000:00:07.0: quirk: [io  0x4100-0x410f] claimed by PIIX4 SMB
[    0.182015] ACPI: PCI Interrupt Link [LNKA] (IRQs 5 9 10 *11)
[    0.183835] ACPI: PCI Interrupt Link [LNKB] (IRQs 5 9 *10 11)
[    0.184127] ACPI: PCI Interrupt Link [LNKC] (IRQs 5 *9 10 11)
[    0.185422] ACPI: PCI Interrupt Link [LNKD] (IRQs 5 9 10 *11)
[    0.188433] SCSI subsystem initialized
[    0.189974] pci 0000:00:02.0: vgaarb: setting as boot VGA device
[    0.190315] pci 0000:00:02.0: vgaarb: VGA device added: decodes=io+mem,owns=io+mem,locks=none
[    0.192016] pci 0000:00:02.0: vgaarb: bridge control possible
[    0.193264] vgaarb: loaded
[    0.196058] ACPI: bus type USB registered
[    0.196973] usbcore: registered new interface driver usbfs
[    0.198181] usbcore: registered new interface driver hub
[    0.199523] usbcore: registered new device driver usb
[    0.200082] EDAC MC: Ver: 3.0.0
[    0.200957] PCI: Using ACPI for IRQ routing
[    0.201206] NetLabel: Initializing
[    0.204005] NetLabel:  domain hash size = 128
[    0.205057] NetLabel:  protocols = UNLABELED CIPSOv4 CALIPSO
[    0.206432] NetLabel:  unlabeled traffic allowed by default
[    0.208088] clocksource: Switched to clocksource kvm-clock
[    0.220723] VFS: Disk quotas dquot_6.6.0
[    0.221693] VFS: Dquot-cache hash table entries: 512 (order 0, 4096 bytes)
[    0.223775] AppArmor: AppArmor Filesystem Enabled
[    0.224789] pnp: PnP ACPI init
[    0.226643] pnp: PnP ACPI: found 3 devices
[    0.236042] clocksource: acpi_pm: mask: 0xffffff max_cycles: 0xffffff, max_idle_ns: 2085701024 ns
[    0.238467] NET: Registered protocol family 2
[    0.239956] TCP established hash table entries: 16384 (order: 5, 131072 bytes)
[    0.241989] TCP bind hash table entries: 16384 (order: 6, 262144 bytes)
[    0.245438] TCP: Hash tables configured (established 16384 bind 16384)
[    0.247208] UDP hash table entries: 1024 (order: 3, 32768 bytes)
[    0.248578] UDP-Lite hash table entries: 1024 (order: 3, 32768 bytes)
[    0.250404] NET: Registered protocol family 1
[    0.251331] pci 0000:00:00.0: Limiting direct PCI/PCI transfers
[    0.252570] pci 0000:00:01.0: Activating ISA DMA hang workarounds
[    0.253818] pci 0000:00:02.0: Video device with shadowed ROM at [mem 0x000c0000-0x000dffff]
[    0.255747] Unpacking initramfs...
[    0.526624] Freeing initrd memory: 18976K
[    0.527887] platform rtc_cmos: registered platform RTC device (no PNP device found)
[    0.529703] Scanning for low memory corruption every 60 seconds
[    0.533372] Initialise system trusted keyrings
[    0.534339] Key type blacklist registered
[    0.535225] workingset: timestamp_bits=36 max_order=19 bucket_order=0
[    0.537510] zbud: loaded
[    0.539139] squashfs: version 4.0 (2009/01/31) Phillip Lougher
[    0.541416] fuse init (API version 7.26)
[    0.544463] Key type asymmetric registered
[    0.545328] Asymmetric key parser 'x509' registered
[    0.546537] Block layer SCSI generic (bsg) driver version 0.4 loaded (major 246)
[    0.548429] io scheduler noop registered
[    0.549312] io scheduler deadline registered
[    0.550226] io scheduler cfq registered (default)
[    0.551739] ACPI: AC Adapter [AC] (on-line)
[    0.552918] input: Power Button as /devices/LNXSYSTM:00/LNXPWRBN:00/input/input0
[    0.554692] ACPI: Power Button [PWRF]
[    0.555992] input: Sleep Button as /devices/LNXSYSTM:00/LNXSLPBN:00/input/input1
[    0.557754] ACPI: Sleep Button [SLPF]
[    0.559966] ACPI: Battery Slot [BAT0] (battery present)
[    0.560112] Serial: 8250/16550 driver, 2 ports, IRQ sharing enabled
[    0.581698]00:02: ttyS0 at I/O 0x3f8 (irq = 4, base_baud = 11520) is a 16550A
[    0.584547] Linux agpgart interface v0.103
[    0.589318] loop: module loaded
[    0.590858] scsi host0: ata_piix
[    0.591936] scsi host1: ata_piix
[    0.592880] ata1: PATA max UDMA/33 cmd 0x1f0 ctl 0x3f6 bmdma 0xd000 irq 14
[    0.594825] ata2: PATA max UDMA/33 cmd 0x170 ctl 0x376 bmdma 0xd008 irq 15
[    0.596763] libphy: Fixed MDIO Bus: probed
[    0.597887] tun: Universal TUN/TAP device driver, 1.6
[    0.598970] PPP generic driver version 2.4.2
[    0.599888] ehci_hcd: USB 2.0 'Enhanced' Host Controller (EHCI) Driver
[    0.601223] ehci-pci: EHCI PCI platform driver
[    0.602138] ehci-platform: EHCI generic platform driver
[    0.603186] ohci_hcd: USB 1.1 'Open' Host Controller (OHCI) Driver
[    0.604490] ohci-pci: OHCI PCI platform driver
[    0.605462] ohci-platform: OHCI generic platform driver
[    0.606724] uhci_hcd: USB Universal Host Controller Interface driver
[    0.608070] i8042: PNP: PS/2 Controller [PNP0303:PS2K,PNP0f03:PS2M] at 0x60,0x64 irq 1,12
[    0.610222] serio: i8042 KBD port at 0x60,0x64 irq 1
[    0.611462] serio: i8042 AUX port at 0x60,0x64 irq 12
[    0.612893] mousedev: PS/2 mouse device common for all mice
[    0.614448] input: AT Translated Set 2 keyboard as /devices/platform/i8042/serio0/input/input2
[    0.616859] rtc_cmos rtc_cmos: rtc core: registered rtc_cmos as rtc0
[    0.618913] rtc_cmos rtc_cmos: alarms up to one day, 114 bytes nvram
[    0.621057] i2c /dev entries driver
[    0.622053] pcie_mp2_amd: AMD(R) PCI-E MP2 Communication Driver Version: 1.0
[    0.623680] device-mapper: uevent: version 1.0.3
[    0.624803] device-mapper: ioctl: 4.37.0-ioctl (2017-09-20) initialised: dm-devel@redhat.com
[    0.626507] ledtrig-cpu: registered to indicate activity on CPUs
[    0.628312] NET: Registered protocol family 10
[    0.633471] Segment Routing with IPv6
[    0.634552] NET: Registered protocol family 17
[    0.635562] Key type dns_resolver registered
[    0.636691] RAS: Correctable Errors collector initialized.
[    0.637800] sched_clock: Marking stable (636656183, 0)->(916421589, -279765406)
[    0.639739] registered taskstats version 1
[    0.640831] Loading compiled-in X.509 certificates
[    0.644628] Loaded X.509 cert 'Build time autogenerated kernel key: 7211859d1298c08a101905a3cb814e8c7b4bf4a4'
[    0.647291] zswap: loaded using pool lzo/zbud
[    0.651192] Key type big_key registered
[    0.651982] Key type trusted registered
[    0.654318] Key type encrypted registered
[    0.655573] AppArmor: AppArmor sha1 policy hashing enabled
[    0.657657] ima: No TPM chip found, activating TPM-bypass! (rc=-19)
[    0.659075] ima: Allocated hash algorithm: sha1
[    0.660091] evm: HMAC attrs: 0x1
[    0.661000]   Magic number: 15:511:639
[    0.661919] rtc_cmos rtc_cmos: setting system clock to 2019-04-18 15:36:07 UTC (1555601767)
[    0.664640] BIOS EDD facility v0.16 2004-Jun-25, 0 devices found
[    0.666283] EDD information not available.
[    0.762864] Freeing unused kernel memory: 2408K
[    0.947302] Write protecting the kernel read-only data: 20480k
[    0.949730] Freeing unused kernel memory: 2008K
[    0.954437] Freeing unused kernel memory: 1892K
[    0.961478] x86/mm: Checked W+X mappings: passed, no W+X pages found.
[    0.963391] x86/mm: Checking user space page tables
[    0.969587] x86/mm: Checked W+X mappings: passed, no W+X pages found.
Loading, please wait...
starting version 237
[    1.025544] Fusion MPT base driver 3.04.20
[    1.026675] Copyright (c) 1999-2008 LSI Corporation
[    1.030923] Fusion MPT SPI Host driver 3.04.20
[    1.033991] e1000: Intel(R) PRO/1000 Network Driver - version 7.3.21-k8-NAPI
[    1.035556] e1000: Copyright (c) 1999-2006 Intel Corporation.
[    1.040164] mptbase: ioc0: Initiating bringup
[    1.058466] AVX2 version of gcm_enc/dec engaged.
[    1.059822] AES CTR mode by8 optimization enabled
[    1.149350] ioc0: LSI53C1030 A0: Capabilities={Initiator}
[    1.246085] input: ImExPS/2 Generic Explorer Mouse as /devices/platform/i8042/serio1/input/input4
[    1.392691] scsi host2: ioc0: LSI53C1030 A0, FwRev=00000000h, Ports=1, MaxQ=256, IRQ=20
[    1.536200] tsc: Refined TSC clocksource calibration: 2808.170 MHz
[    1.539125] clocksource: tsc: mask: 0xffffffffffffffff max_cycles: 0x287a66bcb96, max_idle_ns: 440795246936 ns
[    1.561484] scsi 2:0:0:0: Direct-Access     VBOX     HARDDISK         1.0  PQ: 0 ANSI: 5
[    1.584155] scsi target2:0:0: Beginning Domain Validation
[    1.589278] scsi target2:0:0: Domain Validation skipping write tests
[    1.591285] scsi target2:0:0: Ending Domain Validation
[    1.592911] scsi target2:0:0: asynchronous
[    1.594680] scsi 2:0:1:0: Direct-Access     VBOX     HARDDISK         1.0  PQ: 0 ANSI: 5
[    1.932573] scsi target2:0:1: Beginning Domain Validation
[    1.934668] random: fast init done
[    1.935621] scsi target2:0:1: Domain Validation skipping write tests
[    1.936915] scsi target2:0:1: Ending Domain Validation
[    1.938067] scsi target2:0:1: asynchronous
[    1.943659] random: systemd-udevd: uninitialized urandom read (16 bytes read)
[    1.944902] sd 2:0:0:0: [sda] 20971520 512-byte logical blocks: (10.7 GB/10.0 GiB)
[    1.944937] sd 2:0:0:0: [sda] Write Protect is off
[    1.945044] sd 2:0:0:0: [sda] Incomplete mode parameter data
[    1.945045] sd 2:0:0:0: [sda] Assuming drive cache: write through
[    1.950424] random: systemd-udevd: uninitialized urandom read (16 bytes read)
[    1.950467] sd 2:0:0:0: Attached scsi generic sg0 type 0
[    1.951345]  sda: sda1
[    1.954004] random: systemd-udevd: uninitialized urandom read (16 bytes read)
[    1.954632] sd 2:0:0:0: [sda] Attached SCSI disk
[    1.954941] sd 2:0:1:0: [sdb] 20480 512-byte logical blocks: (10.5 MB/10.0 MiB)
[    1.955011] sd 2:0:1:0: [sdb] Write Protect is off
[    1.955171] sd 2:0:1:0: [sdb] Incomplete mode parameter data
[    1.955172] sd 2:0:1:0: [sdb] Assuming drive cache: write through
[    1.962343] sd 2:0:1:0: Attached scsi generic sg1 type 0
[    1.973118] sd 2:0:1:0: [sdb] Attached SCSI disk
[    1.977792] e1000 0000:00:03.0 eth0: (PCI:33MHz:32-bit) 02:6a:33:5f:8d:05
[    1.979339] e1000 0000:00:03.0 eth0: Intel(R) PRO/1000 Network Connection
[    1.982527] e1000 0000:00:03.0 enp0s3: renamed from eth0
Begin: Loading essential drivers ... [    3.396251] raid6: sse2x1   gen() 11080 MB/s
[    3.444232] raid6: sse2x1   xor()  8153 MB/s
[    3.492267] raid6: sse2x2   gen() 14636 MB/s
[    3.540258] raid6: sse2x2   xor()  9513 MB/s
[    3.588274] raid6: sse2x4   gen() 14399 MB/s
[    3.636235] raid6: sse2x4   xor() 10232 MB/s
[    3.684221] raid6: avx2x1   gen() 23030 MB/s
[    3.732255] raid6: avx2x1   xor() 14279 MB/s
[    3.780253] raid6: avx2x2   gen() 26438 MB/s
[    3.828245] raid6: avx2x2   xor() 17240 MB/s
[    3.876181] raid6: avx2x4   gen() 32527 MB/s
[    3.924283] raid6: avx2x4   xor() 20597 MB/s
[    3.925827] raid6: using algorithm avx2x4 gen() 32527 MB/s
[    3.927621] raid6: .... xor() 20597 MB/s, rmw enabled
[    3.928775] raid6: using avx2x2 recovery algorithm
[    3.930971] xor: automatically using best checksumming function   avx       
[    3.934131] async_tx: api initialized (async)
done.
Begin: Running /scripts/init-premount ... done.
Begin: Mounting root file system ... Begin: Running /scripts/local-top ... done.
Begin: Running /scripts/local-premount ... [    3.978982] Btrfs loaded, crc32c=crc32c-intel
Scanning for Btrfs filesystems
done.
Warning: fsck not present, so skipping root file system
[    4.016964] EXT4-fs (sda1): mounted filesystem with ordered data mode. Opts: (null)
done.
Begin: Running /scripts/local-bottom ... done.
Begin: Running /scripts/init-bottom ... done.
[    4.184549] ip_tables: (C) 2000-2006 Netfilter Core Team
[    4.193489] systemd[1]: systemd 237 running in system mode. (+PAM +AUDIT +SELINUX +IMA +APPARMOR +SMACK +SYSVINIT +UTMP +LIBCRYPTSETUP +GCRYPT +GNUTLS +ACL +XZ +LZ4 +SECCOMP +BLKID +ELFUTILS +KMOD -IDN2 +IDN -PCRE2 default-hierarchy=hybrid)
[    4.197845] systemd[1]: Detected virtualization oracle.
[    4.198928] systemd[1]: Detected architecture x86-64.

Welcome to [1mUbuntu 18.04.2 LTS[0m!

[    4.207198] systemd[1]: Set hostname to <ubuntu>.
[    4.214789] systemd[1]: Initializing machine ID from random generator.
[    4.216427] systemd[1]: Installed transient /etc/machine-id file.
[    4.472990] systemd[1]: Created slice User and Session Slice.
[[0;32m  OK  [0m] Created slice User and Session Slice.
[    4.475288] systemd[1]: Reached target User and Group Name Lookups.
[[0;32m  OK  [0m] Reached target User and Group Name Lookups.
[    4.477696] systemd[1]: Started Forward Password Requests to Wall Directory Watch.
[[0;32m  OK  [0m] Started Forward Password Requests to Wall Directory Watch.
[    4.480707] systemd[1]: Created slice System Slice.
[[0;32m  OK  [0m] Created slice System Slice.
[[0;32m  OK  [0m] Reached target Slices.
[[0;32m  OK  [0m] Listening on Journal Audit Socket.
[[0;32m  OK  [0m] Listening on Network Service Netlink Socket.
[[0;32m  OK  [0m] Listening on Syslog Socket.
[[0;32m  OK  [0m] Created slice system-serial\x2dgetty.slice.
[[0;32m  OK  [0m] Listening on Journal Socket (/dev/log).
[[0;32m  OK  [0m] Listening on Journal Socket.
         Mounting POSIX Message Queue File System...
         Mounting Huge Pages File System...
         Starting Load Kernel Modules...
         Starting Uncomplicated firewall...
         Starting Remount Root and Kernel File Systems...
         Starting Create list of required stâ€¦ce nodes for the current kernel...
         Starting Journal Service...
[    4.567192] Loading iSCSI transport class v2.0-870.
[    4.574073] iscsi: registered transport (tcp)
[[0;32m  OK  [0m] Listening on LVM2 poll daemon socket.
[[0;32m  OK  [0m] Listening on Device-mapper event daemon FIFOs.
[    4.592454] iscsi: registered transport (iser)
[[0;32m  OK  [0m] Listening on LVM2 metadata daemon socket.
         Starting Monitoring of LVM2 mirrorsâ€¦ng dmeventd or progress polling...
[    4.621462] EXT4-fs (sda1): re-mounted. Opts: (null)
[[0;32m  OK  [0m] Reached target Swap.
[[0;32m  OK  [0m] Listening on udev Kernel Socket.
[[0;32m  OK  [0m] Listening on /dev/initctl Compatibility Named Pipe.
[[0;32m  OK  [0m] Reached target System Time Synchronized.
         Starting Set the console keyboard layout...
[[0;32m  OK  [0m] Set up automount Arbitrary Executabâ€¦rmats File System Automount Point.
[[0;32m  OK  [0m] Listening on udev Control Socket.
         Starting udev Coldplug all Devices...
         Mounting Kernel Debug File System...
[[0;32m  OK  [0m] Started Journal Service.
[[0;32m  OK  [0m] Mounted POSIX Message Queue File System.
[[0;32m  OK  [0m] Mounted Huge Pages File System.
[[0;32m  OK  [0m] Started Load Kernel Modules.
[[0;32m  OK  [0m] Started Uncomplicated firewall.
[[0;32m  OK  [0m] Started Remount Root and Kernel File Systems.
[[0;32m  OK  [0m] Started Create list of required staâ€¦vice nodes for the current kernel.
[[0;32m  OK  [0m] Mounted Kernel Debug File System.
[[0;32m  OK  [0m] Started LVM2 metadata daemon.
         Starting Create Static Device Nodes in /dev...
         Starting Load/Save Random Seed...
         Mounting FUSE Control File System...
         Mounting Kernel Configuration File System...
         Starting Apply Kernel Variables...
         Starting Flush Journal to Persistent Storage...
[[0;32m  OK  [0m] Started Create Static Device Nodes in /dev.
[[0;32m  OK  [0m] Started Load/Save Random Seed.
[[0;32m  OK  [0m] Started Monitoring of LVM2 mirrors,â€¦sing dmeventd or progress polling.
[[0;32m  OK  [0m] Mounted FUSE Control File System.
[[0;32m  OK  [0m] Mounted Kernel Configuration File System.
         Starting udev Kernel Device Manager...
[[0;32m  OK  [0m] Started Apply Kernel Variables.
[[0;32m  OK  [0m] Started udev Coldplug all Devices.
[[0;32m  OK  [0m] Started udev Kernel Device Manager.
[[0;32m  OK  [0m] Started Flush Journal to Persistent Storage.
[[0;32m  OK  [0m] Found device /dev/ttyS0.
[[0;32m  OK  [0m] Listening on Load/Save RF Kill Switch Status /dev/rfkill Watch.
[[0;32m  OK  [0m] Started Set the console keyboard layout.
[[0;32m  OK  [0m] Started Dispatch Password Requests to Console Directory Watch.
[[0;32m  OK  [0m] Reached target Local Encrypted Volumes.
[[0;32m  OK  [0m] Reached target Local File Systems (Pre).
[[0;32m  OK  [0m] Reached target Local File Systems.
         Starting Set console font and keymap...
         Starting AppArmor initialization...
         Starting Create Volatile Files and Directories...
         Starting Tell Plymouth To Write Out Runtime Data...
         Starting Commit a transient machine-id on disk...
         Starting ebtables ruleset management...
[[0;32m  OK  [0m] Started Create Volatile Files and Directories.
[[0;32m  OK  [0m] Started Tell Plymouth To Write Out Runtime Data.
         Starting Update UTMP about System Boot/Shutdown...
[[0;32m  OK  [0m] Started Update UTMP about System Boot/Shutdown.
[[0;32m  OK  [0m] Started Commit a transient machine-id on disk.
[[0;32m  OK  [0m] Started ebtables ruleset management.
[[0;32m  OK  [0m] Started AppArmor initialization.
         Starting Initial cloud-init job (pre-networking)...
[[0;32m  OK  [0m] Started Set console font and keymap.
[    7.659353] cloud-init[744]: Cloud-init v. 18.5-45-g3554ffe8-0ubuntu1~18.04.1 running 'init-local' at Thu, 18 Apr 2019 15:36:14 +0000. Up 7.31 seconds.
[[0;32m  OK  [0m] Started Initial cloud-init job (pre-networking).
[[0;32m  OK  [0m] Reached target Network (Pre).
         Starting Network Service...
[[0;32m  OK  [0m] Started Network Service.
         Starting Wait for Network to be Configured...
         Starting Network Name Resolution...
[[0;32m  OK  [0m] Started Network Name Resolution.
[[0;32m  OK  [0m] Reached target Host and Network Name Lookups.
[[0;32m  OK  [0m] Reached target Network.
[[0;32m  OK  [0m] Started Wait for Network to be Configured.
         Starting Initial cloud-init job (metadata service crawler)...
[   10.401225] cloud-init[936]: Cloud-init v. 18.5-45-g3554ffe8-0ubuntu1~18.04.1 running 'init' at Thu, 18 Apr 2019 15:36:17 +0000. Up 10.19 seconds.
[   10.403239] cloud-init[936]: ci-info: ++++++++++++++++++++++++++++++++++++++Net device info++++++++++++++++++++++++++++++++++++++
[   10.416365] cloud-init[936]: ci-info: +--------+------+----------------------------+---------------+--------+-------------------+
[   10.418786] cloud-init[936]: ci-info: | Device |  Up  |          Address           |      Mask     | Scope  |     Hw-Address    |
[   10.421571] cloud-init[936]: ci-info: +--------+------+----------------------------+---------------+--------+-------------------+
[   10.424148] cloud-init[936]: ci-info: | enp0s3 | True |         10.0.2.15          | 255.255.255.0 | global | 02:6a:33:5f:8d:05 |
[   10.426524] cloud-init[936]: ci-info: | enp0s3 | True | fe80::6a:33ff:fe5f:8d05/64 |       .       |  link  | 02:6a:33:5f:8d:05 |
[   10.429148] cloud-init[936]: ci-info: |   lo   | True |         127.0.0.1          |   255.0.0.0   |  host  |         .         |
[   10.431759] cloud-init[936]: ci-info: |   lo   | True |          ::1/128           |       .       |  host  |         .         |
[   10.434127] cloud-init[936]: ci-info: +--------+------+----------------------------+---------------+--------+-------------------+
[   10.436592] cloud-init[936]: ci-info: ++++++++++++++++++++++++++++Route IPv4 info+++++++++++++++++++++++++++++
[   10.438604] cloud-init[936]: ci-info: +-------+-------------+----------+-----------------+-----------+-------+
[   10.441321] cloud-init[936]: ci-info: | Route | Destination | Gateway  |     Genmask     | Interface | Flags |
[   10.443393] cloud-init[936]: ci-info: +-------+-------------+----------+-----------------+-----------+-------+
[   10.445387] cloud-init[936]: ci-info: |   0   |   0.0.0.0   | 10.0.2.2 |     0.0.0.0     |   enp0s3  |   UG  |
[   10.447665] cloud-init[936]: ci-info: |   1   |   10.0.2.0  | 0.0.0.0  |  255.255.255.0  |   enp0s3  |   U   |
[   10.449633] cloud-init[936]: ci-info: |   2   |   10.0.2.2  | 0.0.0.0  | 255.255.255.255 |   enp0s3  |   UH  |
[   10.451557] cloud-init[936]: ci-info: +-------+-------------+----------+-----------------+-----------+-------+
[   10.453901] cloud-init[936]: ci-info: +++++++++++++++++++Route IPv6 info+++++++++++++++++++
[   10.455751] cloud-init[936]: ci-info: +-------+-------------+---------+-----------+-------+
[   10.457565] cloud-init[936]: ci-info: | Route | Destination | Gateway | Interface | Flags |
[   10.459342] cloud-init[936]: ci-info: +-------+-------------+---------+-----------+-------+
[   10.461191] cloud-init[936]: ci-info: |   1   |  fe80::/64  |    ::   |   enp0s3  |   U   |
[   10.462763] cloud-init[936]: ci-info: |   3   |    local    |    ::   |   enp0s3  |   U   |
[   10.464423] cloud-init[936]: ci-info: |   4   |   ff00::/8  |    ::   |   enp0s3  |   U   |
[   10.466431] cloud-init[936]: ci-info: +-------+-------------+---------+-----------+-------+
[   11.264223] cloud-init[936]: Generating public/private rsa key pair.
[   11.264919] cloud-init[936]: Your identification has been saved in /etc/ssh/ssh_host_rsa_key.
[   11.265993] cloud-init[936]: Your public key has been saved in /etc/ssh/ssh_host_rsa_key.pub.
[   11.267040] cloud-init[936]: The key fingerprint is:
[   11.280276] cloud-init[936]: SHA256:/Ugk8Bb4GspG0oJoB+2YpYMbRrq363DJk7z+c/20r14 root@ubuntu-bionic
[   11.281678] cloud-init[936]: The key's randomart image is:
[   11.282903] cloud-init[936]: +---[RSA 2048]----+
[   11.283994] cloud-init[936]: |  .   ...        |
[   11.284877] cloud-init[936]: | o o  .o .       |
[   11.285780] cloud-init[936]: |=.B.   .+ .      |
[   11.286884] cloud-init[936]: |*Booo ...+       |
[   11.300293] cloud-init[936]: |o+o= . oS o      |
[   11.312330] cloud-init[936]: |oo.o+ .  . o     |
[   11.313460] cloud-init[936]: |..Bo   .  o E    |
[   11.314410] cloud-init[936]: | o.o. . .. o     |
[   11.324383] cloud-init[936]: | o=o.o   o=o.    |
[   11.325533] cloud-init[936]: +----[SHA256]-----+
[   11.326470] cloud-init[936]: Generating public/private dsa key pair.
[[0;32m  OK  [0m] Started Initial cloud-init job (metadata service crawler).
[   11.336590] cloud-init[936]: Your identification has been saved in /etc/ssh/ssh_host_dsa_key.
[   11.350866] cloud-init[936]: Your public key has been saved in /etc/ssh/ssh_host_dsa_key.pub.
[[0;32m  OK  [0m[   11.364493] cloud-init[936]: The key fingerprint is:
[   11.364822] cloud-init[936]: SHA256:Y1kD3NbSChSh7QxK+oTS685UVyHyrDMWNq+llsQ48g4 root@ubuntu-bionic
[   11.365506] cloud-init[936]: The key's randomart image is:
[   11.366161] cloud-init[936]: +---[DSA 1024]----+
[   11.366857] cloud-init[936]: |    . .o*+ o     |
[   11.367494] cloud-init[936]: |     + +oo+ o    |
[   11.368507] cloud-init[936]: |    = = oooo     |
[   11.369114] cloud-init[936]: | . B * = o..     |
[   11.370195] cloud-init[936]: |o * @ + S        |
[   11.371523] cloud-init[936]: | + O O . .       |
[   11.372279] cloud-init[936]: |E + *            |
] Reached target Cloud-config availability.
[   11.373525] cloud-init[936]: | * .             |
[   11.375802] cloud-init[936]: | .=              |
[   11.377461] cloud-init[936]: +----[SHA256]-----+
[   11.377766] cloud-init[936]: Generating public/private ecdsa key pair.
[   11.378315] cloud-init[936]: Your identification has been saved in /etc/ssh/ssh_host_ecdsa_key.
[[0;32m  OK  [0m] Reached target System Initialization.[   11.390210] 
cloud-init[936]: Your public key has been saved in /etc/ssh/ssh_host_ecdsa_key.pub.
[   11.394220] cloud-init[936]: The key fingerprint is:
[   11.395648] cloud-init[936]: SHA256:6MqV60O9b4ie8c0LlmFY6f0R3ES3krEZqpDkJ1Yo3Nk root@ubuntu-bionic
[[0;32m  OK  [0m] Started Discard unused blocks once a week.[   11.399418] cloud-init[936]: The key's randomart image is:

[   11.401036] cloud-init[936]: +---[ECDSA 256]---+
[   11.401375] cloud-init[936]: |    . ..+.   +o .|
[[0;32m  OK  [0m[   11.412766] cloud-init[936]: |     oo+oE ..o*..|
[   11.413340] cloud-init[936]: |      .*o. .o=.. |
] [   11.414959] cloud-init[936]: |      .=+..  ..  |
[   11.415251] cloud-init[936]: |      o.S.. .    |
[   11.416764] cloud-init[936]: |     ..o.o . .   |
[   11.417164] cloud-init[936]: |     .=.+o  .    |
[   11.417756] cloud-init[936]: |   . oo*o+.      |
[   11.419077] cloud-init[936]: |    oo=..o=.     |
[   11.420395] cloud-init[936]: +----[SHA256]-----+
[   11.420723] cloud-init[936]: Generating public/private ed25519 key pair.
[   11.421958] cloud-init[936]: Your identification has been saved in /etc/ssh/ssh_host_ed25519_key.
[   11.423141] cloud-init[936]: Your public key has been saved in /etc/ssh/ssh_host_ed25519_key.pub.
[   11.424123] cloud-init[936]: The key fingerprint is:
[   11.424745] cloud-init[936]: SHA256:L8fLHGFBweev81xRywCEv1wS0MTeBOm7JrMMaGAXggE root@ubuntu-bionic
[   11.426226] cloud-init[936]: The key's randomart image is:
[   11.426813] cloud-init[936]: +--[ED25519 256]--+
Started ACPI Events Check.
[   11.427076] cloud-init[936]: |E.       oX*o    |
[   11.431730] cloud-init[936]: |  o      o.=o.   |
[   11.432915] cloud-init[936]: | . . .    =o+.  .|
[   11.433804] cloud-init[936]: |    . .    *.oo o|
[   11.435200] cloud-init[936]: |   o .  S + =. + |
[   11.435504] cloud-init[936]: |  . o .  + =  . .|
[   11.435826] cloud-init[936]: |     o .. = ..  .|
[   11.437070] cloud-init[936]: |    .   oB =o. . |
[   11.437376] cloud-init[936]: |         oO  oo  |
[   11.438394] cloud-init[936]: +----[SHA256]-----+
         Starting Socket activation for snappy daemon.
[[0;32m  OK  [0m] Started Daily apt download activities.
[[0;32m  OK  [0m] Listening on D-Bus System Message Bus Socket.
[[0;32m  OK  [0m] Listening on Open-iSCSI iscsid Socket.
[[0;32m  OK  [0m] Started Daily Cleanup of Temporary Directories.
[[0;32m  OK  [0m] Listening on ACPID Listen Socket.
[[0;32m  OK  [0m] Started Message of the Day.
[[0;32m  OK  [0m] Reached target Paths.
         Starting LXD - unix socket.
[[0;32m  OK  [0m] Listening on UUID daemon activation socket.
[[0;32m  OK  [0m] Started Daily apt upgrade and clean activities.
[[0;32m  OK  [0m] Reached target Timers.
[[0;32m  OK  [0m] Reached target Network is Online.
[[0;32m  OK  [0m] Reached target Remote File Systems (Pre).
[[0;32m  OK  [0m] Reached target Remote File Systems.
         Starting Availability of block devices...
[[0;32m  OK  [0m] Listening on Socket activation for snappy daemon.
[[0;32m  OK  [0m] Listening on LXD - unix socket.
[[0;32m  OK  [0m] Started Availability of block devices.
[[0;32m  OK  [0m] Reached target Sockets.
[[0;32m  OK  [0m] Reached target Basic System.
[[0;32m  OK  [0m] Started irqbalance daemon.
         Starting Permit User Sessions...
         Starting LSB: Record successful boot for GRUB...
         Starting Pollinate to seed the pseudo random number generator...
         Starting Login Service...
[[0;32m  OK  [0m] Started Deferred execution scheduler.
         Starting LSB: automatic crash report generation...
         Starting System Logging Service...
[[0;32m  OK  [0m] Started D-Bus System Message Bus.
[[0;32m  OK  [0m] Started Login Service.
[[0;32m  OK  [0m] Started Unattended Upgrades Shutdown.
         Starting Accounts Service...
[[0;32m  OK  [0m] Started Regular background program processing daemon.
[[0;32m  OK  [0m] Started FUSE filesystem for LXC.
         Starting Dispatcher daemon for systemd-networkd...
         Starting LXD - container startup/shutdown...
         Starting Virtualbox guest utils...
         Starting Snappy daemon...
[[0;32m  OK  [0m] Started System Logging Service.
[[0;32m  OK  [0m] Started Permit User Sessions.
         Starting Authorization Manager...
         Starting Hold until boot process finishes up...
         Starting Terminate Plymouth Boot Screen...
[[0;32m  OK  [0m] Started Hold until boot process finishes up.
[[0;32m  OK  [0m] Started Serial Getty on ttyS0.
         Starting Set console scheme...
[[0;32m  OK  [0m] Started LSB: automatic crash report generation.
[[0;32m  OK  [0m] Started Terminate Plymouth Boot Screen.
[[0;32m  OK  [0m] Started Set console scheme.
[[0;32m  OK  [0m] Created slice system-getty.slice.
[[0;32m  OK  [0m] Started Getty on tty1.
[[0;32m  OK  [0m] Reached target Login Prompts.
[[0;32m  OK  [0m] Started LSB: Record successful boot for GRUB.
[[0;32m  OK  [0m] Started Virtualbox guest utils.
[[0;32m  OK  [0m] Started Authorization Manager.
[[0;32m  OK  [0m] Started Accounts Service.
[[0;32m  OK  [0m] Started LXD - container startup/shutdown.
[[0;32m  OK  [0m] Started Snappy daemon.
         Starting Wait until snapd is fully seeded...
[[0;32m  OK  [0m] Started Dispatcher daemon for systemd-networkd.
[[0;32m  OK  [0m] Started Pollinate to seed the pseudo random number generator.
         Starting OpenBSD Secure Shell server...
[[0;32m  OK  [0m] Started OpenBSD Secure Shell server.
[[0;32m  OK  [0m] Created slice User Slice of vagrant.
         Starting User Manager for UID 1000...
[[0;32m  OK  [0m] Started Session 1 of user vagrant.
[[0;32m  OK  [0m] Started User Manager for UID 1000.
         Stopping User Manager for UID 1000...
[[0;32m  OK  [0m] Stopped User Manager for UID 1000.
[[0;32m  OK  [0m] Removed slice User Slice of vagrant.
[[0;32m  OK  [0m] Created slice User Slice of vagrant.
         Starting User Manager for UID 1000...
[[0;32m  OK  [0m] Started Session 3 of user vagrant.
[[0;32m  OK  [0m] Started User Manager for UID 1000.
[[0;32m  OK  [0m] Started Wait until snapd is fully seeded.
[[0;32m  OK  [0m] Reached target Multi-User System.
[[0;32m  OK  [0m] Reached target Graphical Interface.
         Starting Update UTMP about System Runlevel Changes...
         Starting Apply the settings specified in cloud-config...
[[0;32m  OK  [0m] Started Update UTMP about System Runlevel Changes.
[   16.947646] cloud-init[1742]: Cloud-init v. 18.5-45-g3554ffe8-0ubuntu1~18.04.1 running 'modules:config' at Thu, 18 Apr 2019 15:36:23 +0000. Up 16.58 seconds.
ci-info: no authorized ssh keys fingerprints found for user ubuntu.
<14>Apr 18 15:36:24 ec2: 
<14>Apr 18 15:36:24 ec2: #############################################################
<14>Apr 18 15:36:24 ec2: -----BEGIN SSH HOST KEY FINGERPRINTS-----
<14>Apr 18 15:36:24 ec2: 1024 SHA256:Y1kD3NbSChSh7QxK+oTS685UVyHyrDMWNq+llsQ48g4 root@ubuntu-bionic (DSA)
<14>Apr 18 15:36:24 ec2: 256 SHA256:6MqV60O9b4ie8c0LlmFY6f0R3ES3krEZqpDkJ1Yo3Nk root@ubuntu-bionic (ECDSA)
<14>Apr 18 15:36:24 ec2: 256 SHA256:L8fLHGFBweev81xRywCEv1wS0MTeBOm7JrMMaGAXggE root@ubuntu-bionic (ED25519)
<14>Apr 18 15:36:24 ec2: 2048 SHA256:/Ugk8Bb4GspG0oJoB+2YpYMbRrq363DJk7z+c/20r14 root@ubuntu-bionic (RSA)
<14>Apr 18 15:36:24 ec2: -----END SSH HOST KEY FINGERPRINTS-----
<14>Apr 18 15:36:24 ec2: #############################################################
-----BEGIN SSH HOST KEY KEYS-----
ecdsa-sha2-nistp256 AAAAE2VjZHNhLXNoYTItbmlzdHAyNTYAAAAIbmlzdHAyNTYAAABBBG3HqQ49RcUQajPQzVOKZ02S0TEjB6/2a7fpf9h5+Jy7nLunzV0ErjQV8YUYHb5/9uhz0GIeEJcGTld9jqu8iCg= root@ubuntu-bionic
ssh-ed25519 AAAAC3NzaC1lZDI1NTE5AAAAIN9TOpQGzwQjEULHOSiPznZt/BJdmX/F/6A1Tq7m1u+h root@ubuntu-bionic
ssh-rsa AAAAB3NzaC1yc2EAAAADAQABAAABAQDupNfEG50Ds4SZkcVKllH4wFktf/SNgmwY0U0yKw6duFmP6Vc/X3sgQiwjuG81UaC2GBfYdR4kviPctegqr10IusZaRlc3a5sjWHVzh8c9SK0352W5RqH7t/PGAZff69hzAoIvEWo35ktTPIQaOWzmBDNOh3Gq5tQov3KdkJ89rq/YXeLV/ofebPeUTcQIwA1uQZWDvDl5NFGYPQWZ6Bh8pcpPvbTUQMenIjtLNSjKIB0xA5Wd9dN52Uer4yxezc/t67Gz58ynUE7TVtwZfhiF+i8ehsz8YYeIMlgNdDtT4pdoDRTz0nK2+YScJxl9c6fBdAGFIxVYjGedrwGXM5kJ root@ubuntu-bionic
-----END SSH HOST KEY KEYS-----
[   17.554643] cloud-init[1868]: Cloud-init v. 18.5-45-g3554ffe8-0ubuntu1~18.04.1 running 'modules:final' at Thu, 18 Apr 2019 15:36:24 +0000. Up 17.40 seconds.
[   17.555354] cloud-init[1868]: ci-info: no authorized ssh keys fingerprints found for user ubuntu.
[   17.556236] cloud-init[1868]: Cloud-init v. 18.5-45-g3554ffe8-0ubuntu1~18.04.1 finished at Thu, 18 Apr 2019 15:36:24 +0000. Datasource DataSourceNoCloud [seed=/dev/sdb][dsmode=net].  Up 17.54 seconds

Ubuntu 18.04.2 LTS ubuntu-bionic ttyS0

ubuntu-bionic login: 